// Jest Snapshot v1, https://goo.gl/fbAQLP

exports[`Layout.js should match Layout Snapshot 1`] = `
<div
  data-jsx={694593078}
>
  <div
    data-jsx={1181656448}
  >
    <div
      className="container"
      data-jsx={1181656448}
    >
      <span
        data-jsx={1181656448}
      >
        fivefrets
      </span>
    </div>
  </div>
  <div
    className="container"
    data-jsx={2097403452}
  >
    <div
      className="layers"
      data-jsx={2097403452}
    >
      <span
        className="closed l0"
        data-jsx={788262494}
      />
      <span
        className="closed l1"
        data-jsx={788262494}
      />
      <span
        className="closed l2"
        data-jsx={788262494}
      />
    </div>
    <div
      className="arms"
      data-jsx={2097403452}
    >
      <span
        className="closed a0"
        data-jsx={2685137564}
      />
      <span
        className="closed a1"
        data-jsx={2685137564}
      />
    </div>
  </div>
</div>
`;
