// Jest Snapshot v1, https://goo.gl/fbAQLP

exports[`components/SongList should match snapshot when song is Empty 1`] = `
<div
  className="jsx-1057316989 container"
>
  <div
    className="jsx-1057316989 loader"
  >
    <div
      className="jsx-2763792101 jsx-3891026477 bar"
    />
    <div
      className="jsx-2763792101 jsx-1900015026 bar"
    />
    <div
      className="jsx-2763792101 jsx-2551557105 bar"
    />
    <div
      className="jsx-2763792101 jsx-2892672692 bar"
    />
    <div
      className="jsx-2763792101 jsx-216973047 bar"
    />
  </div>
  <div
    className="jsx-4247411757 jsx-3754337244"
    style={Object {}}
  >
    LOADING...
  </div>
</div>
`;

exports[`components/SongList should match snapshot with error 1`] = `
<div
  className="jsx-2627758701 "
>
  <div
    className="jsx-4247411757 jsx-3754337244"
    style={Object {}}
  >
    Oops.. ERROR.. Sorry.. please try refreshing... 
  </div>
</div>
`;

exports[`components/SongList should match snapshot with songs 1`] = `
Array [
  <div
    className="jsx-3158207177"
    onClick={[Function]}
  >
    <div
      className="jsx-2346595264"
    >
      <img
        alt="YT"
        className="jsx-2346595264"
        height="auto"
        src="https://i.ytimg.com/vi/1/default.jpg"
        width="auto"
      />
    </div>
    <div
      className="jsx-3103242415"
    >
      <div
        className="jsx-4247411757 jsx-873826105"
        style={Object {}}
      >
        title 1
      </div>
    </div>
  </div>,
  <div
    className="jsx-3158207177"
    onClick={[Function]}
  >
    <div
      className="jsx-2346595264"
    >
      <img
        alt="YT"
        className="jsx-2346595264"
        height="auto"
        src="https://i.ytimg.com/vi/2/default.jpg"
        width="auto"
      />
    </div>
    <div
      className="jsx-3103242415"
    >
      <div
        className="jsx-4247411757 jsx-873826105"
        style={Object {}}
      >
        title 2
      </div>
    </div>
  </div>,
]
`;
