// Jest Snapshot v1, https://goo.gl/fbAQLP

exports[`components/Button.js should match disabled snapshot 1`] = `
<button
  className="jsx-856601377 jsx-1171890091 "
  disabled={true}
>
  Button Disabled
</button>
`;

exports[`components/Button.js should match primary snapshot 1`] = `
<button
  className="jsx-856601377 jsx-3822723886 "
  disabled={false}
>
  Button
</button>
`;
