// Jest Snapshot v1, https://goo.gl/fbAQLP

exports[`components/Button.js should match disabled snapshot 1`] = `
<button
  className="jsx-67710159 jsx-3220588738 "
  disabled={true}
>
  Button Disabled
</button>
`;

exports[`components/Button.js should match primary snapshot 1`] = `
<button
  className="jsx-67710159 jsx-4255320455 "
  disabled={false}
>
  Button
</button>
`;
